MPLINK 5.09, LINKER
Linker Map File - Created Wed Aug 28 20:54:21 2019

                                 Section Info
                  Section       Type    Address   Location Size(Bytes)
                ---------  ---------  ---------  ---------  ---------
               RESET_VECT       code   0x000000    program   0x000002
                   .cinit    romdata   0x000001    program   0x000004
                 ISR_VECT       code   0x000004    program   0x000460
.config_8007_BUILD/DEFAULT/DEBUG/CONFIG.O       code   0x008007    program   0x000002
.config_8008_BUILD/DEFAULT/DEBUG/CONFIG.O       code   0x008008    program   0x000002
.config_8009_BUILD/DEFAULT/DEBUG/CONFIG.O       code   0x008009    program   0x000002
.config_800A_BUILD/DEFAULT/DEBUG/CONFIG.O       code   0x00800a    program   0x000002
.config_800B_BUILD/DEFAULT/DEBUG/CONFIG.O       code   0x00800b    program   0x000002
               BANK0_VARS      udata   0x000020       data   0x00000d
              SHARED_VARS      udata   0x000070       data   0x00000b



                              Program Memory Usage 
                               Start         End      
                           ---------   ---------      
                            0x000000    0x000002      
                            0x000004    0x000233      
                            0x008007    0x00800b      
            568 out of 2058 program addresses used, program memory utilization is 27%



                              Symbols - Sorted by Name
                     Name    Address   Location    Storage File                     
                ---------  ---------  ---------  --------- ---------                
                 ACTIVATE   0x0001ef    program     static /Users/craig/MPLABXProjects/AC-Dimmer.X/Main.asm
              ALPHA_HEX_H   0x000075    program     static /Users/craig/MPLABXProjects/AC-Dimmer.X/Main.asm
               CHECK_OERR   0x000221    program     static /Users/craig/MPLABXProjects/AC-Dimmer.X/Main.asm
               CMD_FAILED   0x00022f    program     static /Users/craig/MPLABXProjects/AC-Dimmer.X/Main.asm
            CMD_PROCESSED   0x00022a    program     static /Users/craig/MPLABXProjects/AC-Dimmer.X/Main.asm
                CMP_16_NE   0x00007f    program     static /Users/craig/MPLABXProjects/AC-Dimmer.X/Main.asm
                      ISR   0x000004    program     static /Users/craig/MPLABXProjects/AC-Dimmer.X/Main.asm
                 ISR_CD_0   0x000041    program     static /Users/craig/MPLABXProjects/AC-Dimmer.X/Main.asm
                 ISR_CD_1   0x000036    program     static /Users/craig/MPLABXProjects/AC-Dimmer.X/Main.asm
                 ISR_CD_2   0x000025    program     static /Users/craig/MPLABXProjects/AC-Dimmer.X/Main.asm
                 ISR_CD_3   0x00001f    program     static /Users/craig/MPLABXProjects/AC-Dimmer.X/Main.asm
               ISR_NO_ZCD   0x000017    program     static /Users/craig/MPLABXProjects/AC-Dimmer.X/Main.asm
                MAIN_LOOP   0x00019f    program     static /Users/craig/MPLABXProjects/AC-Dimmer.X/Main.asm
           NOT_START_BYTE   0x0001bd    program     static /Users/craig/MPLABXProjects/AC-Dimmer.X/Main.asm
                  NO_FERR   0x0001ae    program     static /Users/craig/MPLABXProjects/AC-Dimmer.X/Main.asm
                RCV_CNT_0   0x0001c8    program     static /Users/craig/MPLABXProjects/AC-Dimmer.X/Main.asm
                RCV_CNT_1   0x0001cd    program     static /Users/craig/MPLABXProjects/AC-Dimmer.X/Main.asm
                RCV_CNT_2   0x0001d2    program     static /Users/craig/MPLABXProjects/AC-Dimmer.X/Main.asm
                RCV_CNT_3   0x0001da    program     static /Users/craig/MPLABXProjects/AC-Dimmer.X/Main.asm
                RCV_CNT_4   0x0001df    program     static /Users/craig/MPLABXProjects/AC-Dimmer.X/Main.asm
                RCV_CNT_5   0x0001e3    program     static /Users/craig/MPLABXProjects/AC-Dimmer.X/Main.asm
                RCV_CNT_6   0x0001e8    program     static /Users/craig/MPLABXProjects/AC-Dimmer.X/Main.asm
                  SET_CH0   0x000209    program     static /Users/craig/MPLABXProjects/AC-Dimmer.X/Main.asm
                  SET_CH1   0x0001f1    program     static /Users/craig/MPLABXProjects/AC-Dimmer.X/Main.asm
                    START   0x000174    program     static /Users/craig/MPLABXProjects/AC-Dimmer.X/Main.asm
             UD_BOTH_NE_0   0x0000f6    program     static /Users/craig/MPLABXProjects/AC-Dimmer.X/Main.asm
            UD_CH0_LT_CH1   0x000142    program     static /Users/craig/MPLABXProjects/AC-Dimmer.X/Main.asm
              UD_CH0_NE_0   0x0000cd    program     static /Users/craig/MPLABXProjects/AC-Dimmer.X/Main.asm
            UD_CH0_NE_CH1   0x00011e    program     static /Users/craig/MPLABXProjects/AC-Dimmer.X/Main.asm
        UD_CH0_NE_CH1_MAX   0x000165    program     static /Users/craig/MPLABXProjects/AC-Dimmer.X/Main.asm
              UD_CH1_NE_0   0x0000b1    program     static /Users/craig/MPLABXProjects/AC-Dimmer.X/Main.asm
            UD_DISABLE_T0   0x000171    program     static /Users/craig/MPLABXProjects/AC-Dimmer.X/Main.asm
                UD_ENDING   0x000163    program     static /Users/craig/MPLABXProjects/AC-Dimmer.X/Main.asm
                 UNDER_10   0x00005a    program     static /Users/craig/MPLABXProjects/AC-Dimmer.X/Main.asm
                     WAIT   0x00005e    program     static /Users/craig/MPLABXProjects/AC-Dimmer.X/Main.asm
                  ZCD_LOW   0x00004d    program     static /Users/craig/MPLABXProjects/AC-Dimmer.X/Main.asm
               compare16s   0x000077    program     static /Users/craig/MPLABXProjects/AC-Dimmer.X/Main.asm
         complementDelays   0x000082    program     static /Users/craig/MPLABXProjects/AC-Dimmer.X/Main.asm
              hexToNibble   0x00006d    program     static /Users/craig/MPLABXProjects/AC-Dimmer.X/Main.asm
              nibbleToHex   0x000050    program     static /Users/craig/MPLABXProjects/AC-Dimmer.X/Main.asm
                 sendChar   0x00005d    program     static /Users/craig/MPLABXProjects/AC-Dimmer.X/Main.asm
                  sendInt   0x000063    program     static /Users/craig/MPLABXProjects/AC-Dimmer.X/Main.asm
             updateDelays   0x000089    program     static /Users/craig/MPLABXProjects/AC-Dimmer.X/Main.asm
                 Ch0Delay   0x000020       data     static /Users/craig/MPLABXProjects/AC-Dimmer.X/Main.asm
                 Ch1Delay   0x000022       data     static /Users/craig/MPLABXProjects/AC-Dimmer.X/Main.asm
                      Cmd   0x000028       data     static /Users/craig/MPLABXProjects/AC-Dimmer.X/Main.asm
                   CmdVal   0x000029       data     static /Users/craig/MPLABXProjects/AC-Dimmer.X/Main.asm
                   Delay0   0x000073       data     static /Users/craig/MPLABXProjects/AC-Dimmer.X/Main.asm
                   Delay1   0x000075       data     static /Users/craig/MPLABXProjects/AC-Dimmer.X/Main.asm
                   Delay2   0x000077       data     static /Users/craig/MPLABXProjects/AC-Dimmer.X/Main.asm
                   Flags0   0x000079       data     static /Users/craig/MPLABXProjects/AC-Dimmer.X/Main.asm
                   Flags1   0x00007a       data     static /Users/craig/MPLABXProjects/AC-Dimmer.X/Main.asm
                   RcvCnt   0x00002b       data     static /Users/craig/MPLABXProjects/AC-Dimmer.X/Main.asm
                       Rx   0x00002c       data     static /Users/craig/MPLABXProjects/AC-Dimmer.X/Main.asm
                     Tmp0   0x000070       data     static /Users/craig/MPLABXProjects/AC-Dimmer.X/Main.asm
                     Tmp1   0x000071       data     static /Users/craig/MPLABXProjects/AC-Dimmer.X/Main.asm
                   Tmp16a   0x000024       data     static /Users/craig/MPLABXProjects/AC-Dimmer.X/Main.asm
                   Tmp16b   0x000026       data     static /Users/craig/MPLABXProjects/AC-Dimmer.X/Main.asm
                     Tmp2   0x000072       data     static /Users/craig/MPLABXProjects/AC-Dimmer.X/Main.asm



                              Symbols - Sorted by Address
                     Name    Address   Location    Storage File                     
                ---------  ---------  ---------  --------- ---------                
                      ISR   0x000004    program     static /Users/craig/MPLABXProjects/AC-Dimmer.X/Main.asm
               ISR_NO_ZCD   0x000017    program     static /Users/craig/MPLABXProjects/AC-Dimmer.X/Main.asm
                 ISR_CD_3   0x00001f    program     static /Users/craig/MPLABXProjects/AC-Dimmer.X/Main.asm
                 ISR_CD_2   0x000025    program     static /Users/craig/MPLABXProjects/AC-Dimmer.X/Main.asm
                 ISR_CD_1   0x000036    program     static /Users/craig/MPLABXProjects/AC-Dimmer.X/Main.asm
                 ISR_CD_0   0x000041    program     static /Users/craig/MPLABXProjects/AC-Dimmer.X/Main.asm
                  ZCD_LOW   0x00004d    program     static /Users/craig/MPLABXProjects/AC-Dimmer.X/Main.asm
              nibbleToHex   0x000050    program     static /Users/craig/MPLABXProjects/AC-Dimmer.X/Main.asm
                 UNDER_10   0x00005a    program     static /Users/craig/MPLABXProjects/AC-Dimmer.X/Main.asm
                 sendChar   0x00005d    program     static /Users/craig/MPLABXProjects/AC-Dimmer.X/Main.asm
                     WAIT   0x00005e    program     static /Users/craig/MPLABXProjects/AC-Dimmer.X/Main.asm
                  sendInt   0x000063    program     static /Users/craig/MPLABXProjects/AC-Dimmer.X/Main.asm
              hexToNibble   0x00006d    program     static /Users/craig/MPLABXProjects/AC-Dimmer.X/Main.asm
              ALPHA_HEX_H   0x000075    program     static /Users/craig/MPLABXProjects/AC-Dimmer.X/Main.asm
               compare16s   0x000077    program     static /Users/craig/MPLABXProjects/AC-Dimmer.X/Main.asm
                CMP_16_NE   0x00007f    program     static /Users/craig/MPLABXProjects/AC-Dimmer.X/Main.asm
         complementDelays   0x000082    program     static /Users/craig/MPLABXProjects/AC-Dimmer.X/Main.asm
             updateDelays   0x000089    program     static /Users/craig/MPLABXProjects/AC-Dimmer.X/Main.asm
              UD_CH1_NE_0   0x0000b1    program     static /Users/craig/MPLABXProjects/AC-Dimmer.X/Main.asm
              UD_CH0_NE_0   0x0000cd    program     static /Users/craig/MPLABXProjects/AC-Dimmer.X/Main.asm
             UD_BOTH_NE_0   0x0000f6    program     static /Users/craig/MPLABXProjects/AC-Dimmer.X/Main.asm
            UD_CH0_NE_CH1   0x00011e    program     static /Users/craig/MPLABXProjects/AC-Dimmer.X/Main.asm
            UD_CH0_LT_CH1   0x000142    program     static /Users/craig/MPLABXProjects/AC-Dimmer.X/Main.asm
                UD_ENDING   0x000163    program     static /Users/craig/MPLABXProjects/AC-Dimmer.X/Main.asm
        UD_CH0_NE_CH1_MAX   0x000165    program     static /Users/craig/MPLABXProjects/AC-Dimmer.X/Main.asm
            UD_DISABLE_T0   0x000171    program     static /Users/craig/MPLABXProjects/AC-Dimmer.X/Main.asm
                    START   0x000174    program     static /Users/craig/MPLABXProjects/AC-Dimmer.X/Main.asm
                MAIN_LOOP   0x00019f    program     static /Users/craig/MPLABXProjects/AC-Dimmer.X/Main.asm
                  NO_FERR   0x0001ae    program     static /Users/craig/MPLABXProjects/AC-Dimmer.X/Main.asm
           NOT_START_BYTE   0x0001bd    program     static /Users/craig/MPLABXProjects/AC-Dimmer.X/Main.asm
                RCV_CNT_0   0x0001c8    program     static /Users/craig/MPLABXProjects/AC-Dimmer.X/Main.asm
                RCV_CNT_1   0x0001cd    program     static /Users/craig/MPLABXProjects/AC-Dimmer.X/Main.asm
                RCV_CNT_2   0x0001d2    program     static /Users/craig/MPLABXProjects/AC-Dimmer.X/Main.asm
                RCV_CNT_3   0x0001da    program     static /Users/craig/MPLABXProjects/AC-Dimmer.X/Main.asm
                RCV_CNT_4   0x0001df    program     static /Users/craig/MPLABXProjects/AC-Dimmer.X/Main.asm
                RCV_CNT_5   0x0001e3    program     static /Users/craig/MPLABXProjects/AC-Dimmer.X/Main.asm
                RCV_CNT_6   0x0001e8    program     static /Users/craig/MPLABXProjects/AC-Dimmer.X/Main.asm
                 ACTIVATE   0x0001ef    program     static /Users/craig/MPLABXProjects/AC-Dimmer.X/Main.asm
                  SET_CH1   0x0001f1    program     static /Users/craig/MPLABXProjects/AC-Dimmer.X/Main.asm
                  SET_CH0   0x000209    program     static /Users/craig/MPLABXProjects/AC-Dimmer.X/Main.asm
               CHECK_OERR   0x000221    program     static /Users/craig/MPLABXProjects/AC-Dimmer.X/Main.asm
            CMD_PROCESSED   0x00022a    program     static /Users/craig/MPLABXProjects/AC-Dimmer.X/Main.asm
               CMD_FAILED   0x00022f    program     static /Users/craig/MPLABXProjects/AC-Dimmer.X/Main.asm
                 Ch0Delay   0x000020       data     static /Users/craig/MPLABXProjects/AC-Dimmer.X/Main.asm
                 Ch1Delay   0x000022       data     static /Users/craig/MPLABXProjects/AC-Dimmer.X/Main.asm
                   Tmp16a   0x000024       data     static /Users/craig/MPLABXProjects/AC-Dimmer.X/Main.asm
                   Tmp16b   0x000026       data     static /Users/craig/MPLABXProjects/AC-Dimmer.X/Main.asm
                      Cmd   0x000028       data     static /Users/craig/MPLABXProjects/AC-Dimmer.X/Main.asm
                   CmdVal   0x000029       data     static /Users/craig/MPLABXProjects/AC-Dimmer.X/Main.asm
                   RcvCnt   0x00002b       data     static /Users/craig/MPLABXProjects/AC-Dimmer.X/Main.asm
                       Rx   0x00002c       data     static /Users/craig/MPLABXProjects/AC-Dimmer.X/Main.asm
                     Tmp0   0x000070       data     static /Users/craig/MPLABXProjects/AC-Dimmer.X/Main.asm
                     Tmp1   0x000071       data     static /Users/craig/MPLABXProjects/AC-Dimmer.X/Main.asm
                     Tmp2   0x000072       data     static /Users/craig/MPLABXProjects/AC-Dimmer.X/Main.asm
                   Delay0   0x000073       data     static /Users/craig/MPLABXProjects/AC-Dimmer.X/Main.asm
                   Delay1   0x000075       data     static /Users/craig/MPLABXProjects/AC-Dimmer.X/Main.asm
                   Delay2   0x000077       data     static /Users/craig/MPLABXProjects/AC-Dimmer.X/Main.asm
                   Flags0   0x000079       data     static /Users/craig/MPLABXProjects/AC-Dimmer.X/Main.asm
                   Flags1   0x00007a       data     static /Users/craig/MPLABXProjects/AC-Dimmer.X/Main.asm


