MPLINK 5.09, LINKER
Linker Map File - Created Tue Jul 23 22:44:26 2019

                                 Section Info
                  Section       Type    Address   Location Size(Bytes)
                ---------  ---------  ---------  ---------  ---------
               RESET_VECT       code   0x000000    program   0x000002
                   .cinit    romdata   0x000001    program   0x000004
                 ISR_VECT       code   0x000004    program   0x00023a
.config_8007_BUILD/DEFAULT/DEBUG/CONFIG.O       code   0x008007    program   0x000002
.config_8008_BUILD/DEFAULT/DEBUG/CONFIG.O       code   0x008008    program   0x000002
.config_8009_BUILD/DEFAULT/DEBUG/CONFIG.O       code   0x008009    program   0x000002
.config_800A_BUILD/DEFAULT/DEBUG/CONFIG.O       code   0x00800a    program   0x000002
.config_800B_BUILD/DEFAULT/DEBUG/CONFIG.O       code   0x00800b    program   0x000002
               BANK0_VARS      udata   0x000020       data   0x000011
              SHARED_VARS      udata   0x000070       data   0x000008



                              Program Memory Usage 
                               Start         End      
                           ---------   ---------      
                            0x000000    0x000002      
                            0x000004    0x000120      
                            0x008007    0x00800b      
            293 out of 2058 program addresses used, program memory utilization is 14%



                              Symbols - Sorted by Name
                     Name    Address   Location    Storage File                     
                ---------  ---------  ---------  --------- ---------                
              ALPHA_HEX_H   0x000041    program     static /Users/craig/MPLABXProjects/AC-Dimmer.X/Main.asm
               CHECK_OERR   0x000111    program     static /Users/craig/MPLABXProjects/AC-Dimmer.X/Main.asm
               CMD_FAILED   0x00011d    program     static /Users/craig/MPLABXProjects/AC-Dimmer.X/Main.asm
            CMD_PROCESSED   0x000119    program     static /Users/craig/MPLABXProjects/AC-Dimmer.X/Main.asm
                CMP_16_NE   0x00004b    program     static /Users/craig/MPLABXProjects/AC-Dimmer.X/Main.asm
                      ISR   0x000004    program     static /Users/craig/MPLABXProjects/AC-Dimmer.X/Main.asm
                MAIN_LOOP   0x0000c4    program     static /Users/craig/MPLABXProjects/AC-Dimmer.X/Main.asm
           NOT_START_BYTE   0x0000d9    program     static /Users/craig/MPLABXProjects/AC-Dimmer.X/Main.asm
                  NO_FERR   0x0000cc    program     static /Users/craig/MPLABXProjects/AC-Dimmer.X/Main.asm
                NO_TMR0IF   0x000011    program     static /Users/craig/MPLABXProjects/AC-Dimmer.X/Main.asm
                RCV_CNT_0   0x0000e4    program     static /Users/craig/MPLABXProjects/AC-Dimmer.X/Main.asm
                RCV_CNT_1   0x0000e5    program     static /Users/craig/MPLABXProjects/AC-Dimmer.X/Main.asm
                RCV_CNT_2   0x0000ea    program     static /Users/craig/MPLABXProjects/AC-Dimmer.X/Main.asm
                RCV_CNT_3   0x0000f2    program     static /Users/craig/MPLABXProjects/AC-Dimmer.X/Main.asm
                RCV_CNT_4   0x0000f7    program     static /Users/craig/MPLABXProjects/AC-Dimmer.X/Main.asm
                RCV_CNT_5   0x0000fb    program     static /Users/craig/MPLABXProjects/AC-Dimmer.X/Main.asm
                RCV_CNT_6   0x000100    program     static /Users/craig/MPLABXProjects/AC-Dimmer.X/Main.asm
                  SET_CH0   0x00010c    program     static /Users/craig/MPLABXProjects/AC-Dimmer.X/Main.asm
                  SET_CH1   0x000107    program     static /Users/craig/MPLABXProjects/AC-Dimmer.X/Main.asm
                    START   0x00004f    program     static /Users/craig/MPLABXProjects/AC-Dimmer.X/Main.asm
                 UNDER_10   0x000026    program     static /Users/craig/MPLABXProjects/AC-Dimmer.X/Main.asm
                     WAIT   0x00002a    program     static /Users/craig/MPLABXProjects/AC-Dimmer.X/Main.asm
               compare16s   0x000043    program     static /Users/craig/MPLABXProjects/AC-Dimmer.X/Main.asm
              hexToNibble   0x000039    program     static /Users/craig/MPLABXProjects/AC-Dimmer.X/Main.asm
              nibbleToHex   0x00001c    program     static /Users/craig/MPLABXProjects/AC-Dimmer.X/Main.asm
                 sendChar   0x000029    program     static /Users/craig/MPLABXProjects/AC-Dimmer.X/Main.asm
                  sendInt   0x00002f    program     static /Users/craig/MPLABXProjects/AC-Dimmer.X/Main.asm
             updateDelays   0x00004e    program     static /Users/craig/MPLABXProjects/AC-Dimmer.X/Main.asm
                 Ch0Delay   0x000020       data     static /Users/craig/MPLABXProjects/AC-Dimmer.X/Main.asm
                 Ch1Delay   0x000022       data     static /Users/craig/MPLABXProjects/AC-Dimmer.X/Main.asm
                      Cmd   0x000073       data     static /Users/craig/MPLABXProjects/AC-Dimmer.X/Main.asm
                  CmdValH   0x000074       data     static /Users/craig/MPLABXProjects/AC-Dimmer.X/Main.asm
                  CmdValL   0x000075       data     static /Users/craig/MPLABXProjects/AC-Dimmer.X/Main.asm
               Compare16a   0x00002d       data     static /Users/craig/MPLABXProjects/AC-Dimmer.X/Main.asm
               Compare16b   0x00002f       data     static /Users/craig/MPLABXProjects/AC-Dimmer.X/Main.asm
             CurrentDelay   0x00002c       data     static /Users/craig/MPLABXProjects/AC-Dimmer.X/Main.asm
                   Delay0   0x000024       data     static /Users/craig/MPLABXProjects/AC-Dimmer.X/Main.asm
                   Delay1   0x000026       data     static /Users/craig/MPLABXProjects/AC-Dimmer.X/Main.asm
                   Delay2   0x000028       data     static /Users/craig/MPLABXProjects/AC-Dimmer.X/Main.asm
                   RcvCnt   0x000076       data     static /Users/craig/MPLABXProjects/AC-Dimmer.X/Main.asm
                       Rx   0x000077       data     static /Users/craig/MPLABXProjects/AC-Dimmer.X/Main.asm
                     Tmp0   0x000070       data     static /Users/craig/MPLABXProjects/AC-Dimmer.X/Main.asm
                     Tmp1   0x000071       data     static /Users/craig/MPLABXProjects/AC-Dimmer.X/Main.asm
                     Tmp2   0x000072       data     static /Users/craig/MPLABXProjects/AC-Dimmer.X/Main.asm
                  TurnOn0   0x00002a       data     static /Users/craig/MPLABXProjects/AC-Dimmer.X/Main.asm
                  TurnOn1   0x00002b       data     static /Users/craig/MPLABXProjects/AC-Dimmer.X/Main.asm



                              Symbols - Sorted by Address
                     Name    Address   Location    Storage File                     
                ---------  ---------  ---------  --------- ---------                
                      ISR   0x000004    program     static /Users/craig/MPLABXProjects/AC-Dimmer.X/Main.asm
                NO_TMR0IF   0x000011    program     static /Users/craig/MPLABXProjects/AC-Dimmer.X/Main.asm
              nibbleToHex   0x00001c    program     static /Users/craig/MPLABXProjects/AC-Dimmer.X/Main.asm
                 UNDER_10   0x000026    program     static /Users/craig/MPLABXProjects/AC-Dimmer.X/Main.asm
                 sendChar   0x000029    program     static /Users/craig/MPLABXProjects/AC-Dimmer.X/Main.asm
                     WAIT   0x00002a    program     static /Users/craig/MPLABXProjects/AC-Dimmer.X/Main.asm
                  sendInt   0x00002f    program     static /Users/craig/MPLABXProjects/AC-Dimmer.X/Main.asm
              hexToNibble   0x000039    program     static /Users/craig/MPLABXProjects/AC-Dimmer.X/Main.asm
              ALPHA_HEX_H   0x000041    program     static /Users/craig/MPLABXProjects/AC-Dimmer.X/Main.asm
               compare16s   0x000043    program     static /Users/craig/MPLABXProjects/AC-Dimmer.X/Main.asm
                CMP_16_NE   0x00004b    program     static /Users/craig/MPLABXProjects/AC-Dimmer.X/Main.asm
             updateDelays   0x00004e    program     static /Users/craig/MPLABXProjects/AC-Dimmer.X/Main.asm
                    START   0x00004f    program     static /Users/craig/MPLABXProjects/AC-Dimmer.X/Main.asm
                MAIN_LOOP   0x0000c4    program     static /Users/craig/MPLABXProjects/AC-Dimmer.X/Main.asm
                  NO_FERR   0x0000cc    program     static /Users/craig/MPLABXProjects/AC-Dimmer.X/Main.asm
           NOT_START_BYTE   0x0000d9    program     static /Users/craig/MPLABXProjects/AC-Dimmer.X/Main.asm
                RCV_CNT_0   0x0000e4    program     static /Users/craig/MPLABXProjects/AC-Dimmer.X/Main.asm
                RCV_CNT_1   0x0000e5    program     static /Users/craig/MPLABXProjects/AC-Dimmer.X/Main.asm
                RCV_CNT_2   0x0000ea    program     static /Users/craig/MPLABXProjects/AC-Dimmer.X/Main.asm
                RCV_CNT_3   0x0000f2    program     static /Users/craig/MPLABXProjects/AC-Dimmer.X/Main.asm
                RCV_CNT_4   0x0000f7    program     static /Users/craig/MPLABXProjects/AC-Dimmer.X/Main.asm
                RCV_CNT_5   0x0000fb    program     static /Users/craig/MPLABXProjects/AC-Dimmer.X/Main.asm
                RCV_CNT_6   0x000100    program     static /Users/craig/MPLABXProjects/AC-Dimmer.X/Main.asm
                  SET_CH1   0x000107    program     static /Users/craig/MPLABXProjects/AC-Dimmer.X/Main.asm
                  SET_CH0   0x00010c    program     static /Users/craig/MPLABXProjects/AC-Dimmer.X/Main.asm
               CHECK_OERR   0x000111    program     static /Users/craig/MPLABXProjects/AC-Dimmer.X/Main.asm
            CMD_PROCESSED   0x000119    program     static /Users/craig/MPLABXProjects/AC-Dimmer.X/Main.asm
               CMD_FAILED   0x00011d    program     static /Users/craig/MPLABXProjects/AC-Dimmer.X/Main.asm
                 Ch0Delay   0x000020       data     static /Users/craig/MPLABXProjects/AC-Dimmer.X/Main.asm
                 Ch1Delay   0x000022       data     static /Users/craig/MPLABXProjects/AC-Dimmer.X/Main.asm
                   Delay0   0x000024       data     static /Users/craig/MPLABXProjects/AC-Dimmer.X/Main.asm
                   Delay1   0x000026       data     static /Users/craig/MPLABXProjects/AC-Dimmer.X/Main.asm
                   Delay2   0x000028       data     static /Users/craig/MPLABXProjects/AC-Dimmer.X/Main.asm
                  TurnOn0   0x00002a       data     static /Users/craig/MPLABXProjects/AC-Dimmer.X/Main.asm
                  TurnOn1   0x00002b       data     static /Users/craig/MPLABXProjects/AC-Dimmer.X/Main.asm
             CurrentDelay   0x00002c       data     static /Users/craig/MPLABXProjects/AC-Dimmer.X/Main.asm
               Compare16a   0x00002d       data     static /Users/craig/MPLABXProjects/AC-Dimmer.X/Main.asm
               Compare16b   0x00002f       data     static /Users/craig/MPLABXProjects/AC-Dimmer.X/Main.asm
                     Tmp0   0x000070       data     static /Users/craig/MPLABXProjects/AC-Dimmer.X/Main.asm
                     Tmp1   0x000071       data     static /Users/craig/MPLABXProjects/AC-Dimmer.X/Main.asm
                     Tmp2   0x000072       data     static /Users/craig/MPLABXProjects/AC-Dimmer.X/Main.asm
                      Cmd   0x000073       data     static /Users/craig/MPLABXProjects/AC-Dimmer.X/Main.asm
                  CmdValH   0x000074       data     static /Users/craig/MPLABXProjects/AC-Dimmer.X/Main.asm
                  CmdValL   0x000075       data     static /Users/craig/MPLABXProjects/AC-Dimmer.X/Main.asm
                   RcvCnt   0x000076       data     static /Users/craig/MPLABXProjects/AC-Dimmer.X/Main.asm
                       Rx   0x000077       data     static /Users/craig/MPLABXProjects/AC-Dimmer.X/Main.asm


